/WarehouseEJB/services
/WarehouseWeb
/WarehouseWebservlet
/WEB-INF/web.xml
/WebAdmin
/Webalizer
/WebServicesSamples
/WebSphere
/WebSphereBank
/WebSphereBankDeposit
/WebSphereBankDepositservlet
/WebSphereBankservlet
/WebSphereSamples
/wp-admin
/services
/webservice
/webservices
/phpsso_server/caches/configs
/include
/.git
/.svn
/druid
/editor
/fckeditor
/admin/publish
/admin
/publish
/dwr
/a/login
/editor/filemanager/browser/default/connectors/jsp
/editor/filemanager/upload
/resource/fckeditor/editor/filemanager/browser/default
/fckeditor/editor/filemanager/connectors
/wls-wsat/RegistrationRequesterPortType11
/wls-wsat/ParticipantPortType11
/wls-wsat/RegistrationPortTypeRPC11
/wls-wsat/CoordinatorPortType11
/wls-wsat/RegistrationRequesterPortType
/wls-wsat/ParticipantPortType
/wls-wsat/RegistrationPortTypeRPC
/wls-wsat/CoordinatorPortType
/wls_utc/CallbackHandler
/_async/AsyncResponseService
/jolokia
/actuator
/actuator/jolokia
/trace
/health
/loggers
/metrics
/autoconfig
/heapdump
/env
/info
/dump
/configprops
/mappings
/auditevents
/beans
/option/v2/api-docs
/swagger-ui.html
/api/swagger-ui.html
/apidoc
/server-info
/server-status
/druid/basic.json
/api/console/api_server
/runningpods/
/solr/admin/info/system?wt=json
/admin/info/system?wt=json
/api/beans
/beans
/swagger-ui.html
/swagger/index.html
/swagger/ui/index
/swagger/
/Swagger/ui/index
/docs/index
/api_index.html
/doc/swagger-ui/
/swagger-ui/
/apidoc-ui/index.html
/v2/api-docs
/service/rest/swagger.json
/rest/default/schema
/topic/list
/topic/detail
/services/AdminService
/services/FreeMarkerService
/axis/services/AdminService
/axis/services/FreeMarkerService
/services/WsInfo
/v2/keys/?recursive=true
/web/test-call
/version
/all_docs
/application.wadl
/xampp/lang.tmp
/ws_utc/config.do
/j_security_check
/app/timelion
/invoker/readonly
/web-console
/api/systeminfo
/user/login
/cms/web/test.txt
/app/jspx.jspx
/sysinfo.html
/system.html
/sysinfo/envs
/webdav/test
/manager/html
/actuator/beans
/sysadmin
/supperadmin